
====== Test Suite: 生命周期管理 ======
  Running: test_destroy_fields_order_and_null ... 
========== Lv-00 内存泄漏报告 ==========
无内存泄漏 —— 所有分配均已正确释放。
==========================================


========== Lv-00 内存泄漏报告 ==========
无内存泄漏 —— 所有分配均已正确释放。
==========================================

PASS
  Running: test_defer_multi_exit ... PASS
  Running: test_defer_lifo_order ... PASS
  Running: test_defer_free_many ... 
========== Lv-00 内存泄漏报告 ==========
无内存泄漏 —— 所有分配均已正确释放。
==========================================


========== Lv-00 内存泄漏报告 ==========
无内存泄漏 —— 所有分配均已正确释放。
==========================================

PASS
  Running: test_scope_exit_alias ... PASS
  Running: test_graph_destroy_roundtrip ... 
========== Lv-00 内存泄漏报告 ==========
无内存泄漏 —— 所有分配均已正确释放。
==========================================


========== Lv-00 内存泄漏报告 ==========
无内存泄漏 —— 所有分配均已正确释放。
==========================================

PASS
  Running: test_heap_composite_roundtrip ... 
========== Lv-00 内存泄漏报告 ==========
无内存泄漏 —— 所有分配均已正确释放。
==========================================


========== Lv-00 内存泄漏报告 ==========
无内存泄漏 —— 所有分配均已正确释放。
==========================================

PASS
  Running: test_refcount_destructor_once ... PASS
  Running: test_k7_shim_destroy_equivalence ... 
========== Lv-00 内存泄漏报告 ==========
无内存泄漏 —— 所有分配均已正确释放。
==========================================


========== Lv-00 内存泄漏报告 ==========
地址               大小(字节) 源文件:行号               状态
----------------------------------------------------------------------------
0x000001dd95c38b18 32           <未记录>                    [泄漏]
0x000001dd95c38638 40           <未记录>                    [泄漏]
0x000001dd95c390b8 40           <未记录>                    [泄漏]
0x000001dd95c38278 32           <未记录>                    [泄漏]
0x000001dd95c36fd8 40           <未记录>                    [泄漏]
0x000001dd95c36f78 40           <未记录>                    [泄漏]
0x000001dd95c37938 32           <未记录>                    [泄漏]
0x000001dd95c370f8 40           <未记录>                    [泄漏]
0x000001dd95c378d8 40           <未记录>                    [泄漏]
0x000001dd95c37458 32           <未记录>                    [泄漏]
0x000001dd95c36eb8 40           <未记录>                    [泄漏]
0x000001dd95c377b8 40           <未记录>                    [泄漏]
0x000001dd95c37158 32           <未记录>                    [泄漏]
0x000001dd95c37b18 40           <未记录>                    [泄漏]
0x000001dd95c37b78 40           <未记录>                    [泄漏]
0x000001dd95c376f8 32           <未记录>                    [泄漏]
0x000001dd95c371b8 40           <未记录>                    [泄漏]
0x000001dd95c37578 40           <未记录>                    [泄漏]
0x000001dd95c37ab8 32           <未记录>                    [泄漏]
0x000001dd95c37878 40           <未记录>                    [泄漏]
0x000001dd95c362c8 40           <未记录>                    [泄漏]
0x000001dd95c35ae8 32           <未记录>                    [泄漏]
0x000001dd95c363e8 40           <未记录>                    [泄漏]
0x000001dd95c36088 40           <未记录>                    [泄漏]
0x000001dd95c36208 32           <未记录>                    [泄漏]
0x000001dd95c35a88 40           <未记录>                    [泄漏]
0x000001dd95c36628 40           <未记录>                    [泄漏]
0x000001dd95c36448 32           <未记录>                    [泄漏]
0x000001dd95c360e8 40           <未记录>                    [泄漏]
0x000001dd95c36328 40           <未记录>                    [泄漏]
0x000001dd95c359c8 32           <未记录>                    [泄漏]
0x000001dd95c35de8 40           <未记录>                    [泄漏]
0x000001dd95c35ea8 40           <未记录>                    [泄漏]
0x000001dd95c35e48 32           <未记录>                    [泄漏]
0x000001dd95c364a8 40           <未记录>                    [泄漏]
0x000001dd95c367a8 40           <未记录>                    [泄漏]
0x000001dd95c350f8 32           <未记录>                    [泄漏]
0x000001dd95c34e58 40           <未记录>                    [泄漏]
0x000001dd95c35098 40           <未记录>                    [泄漏]
0x000001dd95c34af8 32           <未记录>                    [泄漏]
0x000001dd95c34978 40           <未记录>                    [泄漏]
0x000001dd95c34678 40           <未记录>                    [泄漏]
0x000001dd95c35338 32           <未记录>                    [泄漏]
0x000001dd95c35218 40           <未记录>                    [泄漏]
0x000001dd95c34c18 40           <未记录>                    [泄漏]
0x000001dd95c34cd8 32           <未记录>                    [泄漏]
0x000001dd95c35158 40           <未记录>                    [泄漏]
0x000001dd95c34c78 40           <未记录>                    [泄漏]
0x000001dd95c34eb8 32           <未记录>                    [泄漏]
0x000001dd95c34918 40           <未记录>                    [泄漏]
0x000001dd95c34fd8 40           <未记录>                    [泄漏]
0x000001dd95c32da8 32           <未记录>                    [泄漏]
0x000001dd95c32aa8 40           <未记录>                    [泄漏]
0x000001dd95c337c8 40           <未记录>                    [泄漏]
0x000001dd95c33348 32           <未记录>                    [泄漏]
0x000001dd95c32a48 40           <未记录>                    [泄漏]
0x000001dd95c33408 40           <未记录>                    [泄漏]
0x000001dd95c33228 32           <未记录>                    [泄漏]
0x000001dd95c32e08 40           <未记录>                    [泄漏]
0x000001dd95c33048 40           <未记录>                    [泄漏]
0x000001dd95c331c8 32           <未记录>                    [泄漏]
0x000001dd95c33648 40           <未记录>                    [泄漏]
0x000001dd95c33108 40           <未记录>                    [泄漏]
0x000001dd95c32b68 32           <未记录>                    [泄漏]
0x000001dd95c33468 40           <未记录>                    [泄漏]
0x000001dd95c33168 40           <未记录>                    [泄漏]
0x000001dd95c30b78 32           <未记录>                    [泄漏]
0x000001dd95c30758 40           <未记录>                    [泄漏]
0x000001dd95c30278 40           <未记录>                    [泄漏]
0x000001dd95c30c98 32           <未记录>                    [泄漏]
0x000001dd95c30878 40           <未记录>                    [泄漏]
0x000001dd95c30d58 40           <未记录>                    [泄漏]
0x000001dd95c30b18 32           <未记录>                    [泄漏]
0x000001dd95c305d8 40           <未记录>                    [泄漏]
0x000001dd95c30698 40           <未记录>                    [泄漏]
0x000001dd95c304b8 32           <未记录>                    [泄漏]
0x000001dd95c30398 40           <未记录>                    [泄漏]
0x000001dd95c302d8 40           <未记录>                    [泄漏]
0x000001dd95c309f8 32           <未记录>                    [泄漏]
0x000001dd95c30518 40           <未记录>                    [泄漏]
0x000001dd95c30f98 40           <未记录>                    [泄漏]
0x000001dd95dbe2a8 32           <未记录>                    [泄漏]
0x000001dd95dbd6a8 40           <未记录>                    [泄漏]
0x000001dd95dbe248 40           <未记录>                    [泄漏]
0x000001dd95dbdee8 32           <未记录>                    [泄漏]
0x000001dd95dbd5e8 40           <未记录>                    [泄漏]
0x000001dd95dbe068 40           <未记录>                    [泄漏]
0x000001dd95dbd708 32           <未记录>                    [泄漏]
0x000001dd95dbd948 40           <未记录>                    [泄漏]
0x000001dd95dbd528 40           <未记录>                    [泄漏]
0x000001dd95dbdb28 32           <未记录>                    [泄漏]
0x000001dd95dbe368 40           <未记录>                    [泄漏]
0x000001dd95dbe008 40           <未记录>                    [泄漏]
0x000001dd95dbda68 32           <未记录>                    [泄漏]
0x000001dd95dbe0c8 40           <未记录>                    [泄漏]
0x000001dd95dbddc8 40           <未记录>                    [泄漏]
0x000001dd95dbbb58 32           <未记录>                    [泄漏]
0x000001dd95dbbaf8 40           <未记录>                    [泄漏]
0x000001dd95dbbc18 40           <未记录>                    [泄漏]
0x000001dd95dbb258 32           <未记录>                    [泄漏]
0x000001dd95dbb378 40           <未记录>                    [泄漏]
0x000001dd95dbbbb8 40           <未记录>                    [泄漏]
0x000001dd95dbb318 32           <未记录>                    [泄漏]
0x000001dd95dbbf78 40           <未记录>                    [泄漏]
0x000001dd95dbb5b8 40           <未记录>                    [泄漏]
0x000001dd95dbb2b8 32           <未记录>                    [泄漏]
0x000001dd95dbbd38 40           <未记录>                    [泄漏]
0x000001dd95dbb9d8 40           <未记录>                    [泄漏]
0x000001dd95dbb3d8 32           <未记录>                    [泄漏]
0x000001dd95dbb738 40           <未记录>                    [泄漏]
0x000001dd95dbbeb8 40           <未记录>                    [泄漏]
0x000001dd95db49b8 32           <未记录>                    [泄漏]
0x000001dd95db4958 40           <未记录>                    [泄漏]
0x000001dd95db44d8 40           <未记录>                    [泄漏]
0x000001dd95db4658 32           <未记录>                    [泄漏]
0x000001dd95db4478 40           <未记录>                    [泄漏]
0x000001dd95db4898 40           <未记录>                    [泄漏]
0x000001dd95db42f8 32           <未记录>                    [泄漏]
0x000001dd95db48f8 40           <未记录>                    [泄漏]
0x000001dd95db4838 40           <未记录>                    [泄漏]
----------------------------------------------------------------------------
总计: 120 个泄漏块, 4480 字节
==========================================

  FAIL [C:/Users/xingg/Desktop/知识体系化Wiki/Lv-00/test/c/test_lifecycle.c:409] memory leak: 120 tracked blocks (baseline=0)
====== Test Suite Complete ======

========================================
  Test Summary: 254 passed, 1 failed, 255 total
========================================
