
====== Test Suite: 生命周期管理 ======
  Running: test_destroy_fields_order_and_null ... 
========== Lv-00 内存泄漏报告 ==========
无内存泄漏 —— 所有分配均已正确释放。
==========================================


========== Lv-00 内存泄漏报告 ==========
无内存泄漏 —— 所有分配均已正确释放。
==========================================

PASS
  Running: test_defer_multi_exit ... PASS
  Running: test_defer_lifo_order ... PASS
  Running: test_defer_free_many ... 
========== Lv-00 内存泄漏报告 ==========
无内存泄漏 —— 所有分配均已正确释放。
==========================================


========== Lv-00 内存泄漏报告 ==========
无内存泄漏 —— 所有分配均已正确释放。
==========================================

PASS
  Running: test_scope_exit_alias ... PASS
  Running: test_graph_destroy_roundtrip ... 
========== Lv-00 内存泄漏报告 ==========
无内存泄漏 —— 所有分配均已正确释放。
==========================================


========== Lv-00 内存泄漏报告 ==========
无内存泄漏 —— 所有分配均已正确释放。
==========================================

PASS
  Running: test_heap_composite_roundtrip ... 
========== Lv-00 内存泄漏报告 ==========
无内存泄漏 —— 所有分配均已正确释放。
==========================================


========== Lv-00 内存泄漏报告 ==========
无内存泄漏 —— 所有分配均已正确释放。
==========================================

PASS
  Running: test_refcount_destructor_once ... PASS
  Running: test_k7_shim_destroy_equivalence ... 
========== Lv-00 内存泄漏报告 ==========
无内存泄漏 —— 所有分配均已正确释放。
==========================================


========== Lv-00 内存泄漏报告 ==========
无内存泄漏 —— 所有分配均已正确释放。
==========================================

PASS
  Running: diag_leak_rune_alone ... 
========== Lv-00 内存泄漏报告 ==========
无内存泄漏 —— 所有分配均已正确释放。
==========================================


========== Lv-00 内存泄漏报告 ==========
无内存泄漏 —— 所有分配均已正确释放。
==========================================

PASS
  Running: diag_leak_sequence ... 
========== Lv-00 内存泄漏报告 ==========
无内存泄漏 —— 所有分配均已正确释放。
==========================================


========== Lv-00 内存泄漏报告 ==========
无内存泄漏 —— 所有分配均已正确释放。
==========================================

PASS
  Running: diag_leak_array ... 
========== Lv-00 内存泄漏报告 ==========
无内存泄漏 —— 所有分配均已正确释放。
==========================================


========== Lv-00 内存泄漏报告 ==========
无内存泄漏 —— 所有分配均已正确释放。
==========================================

PASS
  Running: diag_leak_spell_domain ... 
========== Lv-00 内存泄漏报告 ==========
无内存泄漏 —— 所有分配均已正确释放。
==========================================


========== Lv-00 内存泄漏报告 ==========
无内存泄漏 —— 所有分配均已正确释放。
==========================================

PASS
====== Test Suite Complete ======

========================================
  Test Summary: 464 passed, 0 failed, 464 total
========================================
