╔════════════════════════════════════════════╗
║  Lv-00 流式输出端到端演示 v3.2.0          ║
║  JSON-RPC 事件将输出到 stdout             ║
╚════════════════════════════════════════════╝

========== 演示1: 等边三角形构造 ==========
[2026-08-10 08:18:15] [WARN] [engine_lifecycle.c] [C:/Users/xingg/Desktop/知识体系化Wiki/Lv-00/core/src/layer4_reasoning/engine/engine_lifecycle.c:68] engine_create: stream_context_register_builtins() 已调用（void 返回，无法检测错误）
  流式回调已注册 (id=1)
  顶点: A=0, B=1, C=2
  边: AB=3, BC=4, CA=5

  运行引擎求解...
  求解结果: 0
========== 演示1 完成 ==========

========== 演示2: 圆与线交点测试 ==========
[2026-08-10 08:18:15] [WARN] [engine_lifecycle.c] [C:/Users/xingg/Desktop/知识体系化Wiki/Lv-00/core/src/layer4_reasoning/engine/engine_lifecycle.c:68] engine_create: stream_context_register_builtins() 已调用（void 返回，无法检测错误）
  O=0, P=1(半径3), Q=2, R=3, X=4(待求)

  运行引擎求解...
  求解结果: 0
========== 演示2 完成 ==========

========== 演示3: 流式事件统计 ==========
[2026-08-10 08:18:15] [WARN] [engine_lifecycle.c] [C:/Users/xingg/Desktop/知识体系化Wiki/Lv-00/core/src/layer4_reasoning/engine/engine_lifecycle.c:68] engine_create: stream_context_register_builtins() 已调用（void 返回，无法检测错误）
  已构造 5 个点和 4 条线段

  事件统计:
    总事件数: 24
    丢弃数:   0
    引擎启动: 1
    引擎完成: 1
    节点添加: 5
    约束添加: 8
    归一化开始: 2
    归一化完成: 2
    求解开始: 1
    求解完成: 1
========== 演示3 完成 ==========

所有演示完成。
