=== Lv-00 高维结构表示与交互演示 ===

[2026-08-10 08:18:14] [INFO] [lv] Lv-00 v1.1.0 系统初始化开始
[2026-08-10 08:18:14] [INFO] [debug] === Lv-00 v3.3.0 Logging System Initialized ===
[2026-08-10 08:18:14] [INFO] [lv] Lv-00 v1.1.0 系统初始化完成
1. 注册6维超立方体块
   成功注册6维块，ID=1

2. 当前投影预设: Default
   维度数: 6
   映射配置:
     轴0 -> x
     轴1 -> y
     轴2 -> fold
     轴3 -> fold
     轴4 -> fold
     轴5 -> fold

3. 创建自定义投影预设
   成功添加自定义预设，索引=1
   已切换到自定义预设

4. 计算投影保真度
   总维度: 6
   可见维度: 2
   保真度: 33.3%
   警告: 警告：当前投影'CustomView'的保真度为33.3%，低于推荐阈值85%。建议切换到其他投影预设以获得更好的可视化效果。

5. 折叠维度信息
   折叠维度: 1, 3, 4, 5

6. 序列化投影预设
   JSON长度: 863字节
   JSON预览（前200字符）:
   {
  "name": "CustomView",
  "dimension_count": 6,
  "mapping_count": 6,
  "mappings": [
    {
      "axis_index": 0,
      "mapping_type": "x",
      "scale": 1,
      "offset": 0
    },
    {
      "...

7. 创建多投影视图
   成功创建2个视图: ID=1000, ID=1001

8. 清理资源
[2026-08-10 08:18:14] [INFO] [lv] Lv-00 系统清理开始
[2026-08-10 08:18:14] [INFO] [lv] 内存统计 - 总分配: 485731, 总释放: 483541, 峰值: 484406

=== 演示完成 ===
