========================================
  Lv-00 几何构造与证明示例
  等边三角形构造与验证
========================================

[1/5] 构造三角形...
  创建顶点 A(0, 0)...
  创建顶点 B(2, 0)...
  创建顶点 C(1, √3)...
  三角形顶点: A=0, B=1, C=2

[2/5] 添加几何约束...
  添加边 AB...
  添加边 BC...
  添加边 CA...
  添加约束：C 在边 AB 的上方（用于确定方向）...
  当前节点数: 6, 约束数: 1

[3/5] 创建等边三角形判定命题...
  创建命题图...
  命题图节点数: 6, 约束数: 1

[4/5] 执行统一化验证...
  统一化结果: 成功 - 构造满足命题！

[5/5] 打包为可复用函数块...
  创建输入端口（边长参数）...
  创建输出端口（三角形顶点）...
  打包为函数块...
  函数块 'EquilateralTriangle' 创建成功 (ID=8)
  执行静态确定性检查...
  检查结果: 检查超时

[额外] 执行图归一化...
  归一化完成: 合并了 0 个节点

清理资源...

示例完成！
