========================================
  Lv-00 递归系统演示
  测度系统、递归深度与条件分支
========================================

[初始化] Lv-00 系统版本: 1.1.0
[初始化] 全局递归深度上限: 128

--- 测度系统演示 --------------------------------------
  [OK] 测度系统创建成功
  [OK] 创建线段长度测度 (segment_length)
       类型: Symbolic
       良基: 是
  [OK] 创建嵌套深度测度 (nesting_depth)
       类型: Symbolic
  [OK] 创建自定义测度 (custom_order)
       类型: Custom
  测度系统中共有 3 个测度

--- 递归上下文演示 ------------------------------------
  创建线段: 端点(0, 1), 线段ID=2
  [OK] 递归上下文创建成功 (最大深度=10)
  [OK] 设置活动测度: recursion_depth

  模拟递归调用序列:
    调用 1: OK (当前深度=1)
    调用 2: Not Decreasing (当前深度=1)
    递归终止: Not Decreasing
  最终递归深度: 1

  检查测度递减性:
    测度递减检查: Not Decreasing
  上下文已重置, 深度=0

--- 全局递归深度保护（熔断器） ----------------------------
  初始深度: 0
  熔断器状态: 未触发

  模拟递归调用:
    深度 1: 进入成功
    深度 2: 进入成功
    深度 3: 进入成功
    深度 4: 进入成功
    深度 5: 进入成功
  当前深度: 5
  退出后深度: 0
  熔断器状态: 未触发
  重置后深度: 0

--- 深度超限回调演示 ----------------------------------
  最大深度: 5
  [OK] 深度超限回调已注册

  模拟递归调用:
    调用 1: OK (深度=1)
    调用 2: Not Decreasing (深度=1)
    递归已终止: Measure not decreasing

--- 选择器块（条件分支）演示 --------------------------------
  [OK] 选择器块创建成功 (ID=1)
  设置测试条件: 成功
  设置分支: 成功
  真分支状态: Active
  假分支状态: Shadowed
  当前活跃分支: 真分支
  分支互斥性: 互斥
  真分支节点数: 1
  假分支节点数: 1

========================================
  示例完成！
========================================
