========================================
  Lv-00 类型系统演示
  类型创建、检查与推断
========================================

[初始化] Lv-00 系统版本: 1.1.0
[初始化] 创建类型系统上下文...
  良基模式: 已启用
  累积性:   已启用

--- 基本类型创建 --------------------------------
  [OK] 创建点类型 (Point)
       种类: 点类型
       宇宙层级: 0
  [OK] 创建线段类型 (Segment)
       种类: 线段类型
       宇宙层级: 0
  [OK] 创建区域类型 (Region)
       种类: 区域类型
       包含节点数: 3
  [OK] 创建底部类型 (Bottom/⊥)
       种类: 底部类型 (⊥)

--- 复合类型构建 --------------------------------
  [OK] 函数类型 Point -> Point
       输入类型层级: 0, 输出类型层级: 0
  [OK] 高阶函数类型 Point -> (Point -> Point)
       宇宙层级: 2
  [OK] 乘积类型 Point x Point
       左类型: 点类型, 右类型: 点类型
  [OK] 和类型 Point + Segment
       第一类型: 点类型, 第二类型: 线段类型

--- 类型等价检查 --------------------------------
  PointA ≡ PointB (直接比较): Equivalent
  PointA ≡ PointB (规范化比较): Equivalent
  PointA ≡ Segment (直接比较): NotEquivalent
  (PointA->PointA) ≡ (PointB->PointB): Equivalent
  (PointA->PointA) ≡ (PointA->Segment): Equivalent

--- 宇宙层级与累积性 --------------------------
  Point 类型层级:    0 (Base)
  Segment 类型层级:  0 (Base)
  (Point->Segment) 类型层级: 1 (Type1)

  层级有效性检查 (函数类型包含点类型): 有效

  累积性检查:
    Point 累积到 Segment: 是
    Point 累积到 (Point->Segment): 是

--- 类型变量与多态 -----------------------------
  [OK] 创建类型变量 alpha
       种类: 类型变量
       变量名: alpha
  [OK] 创建类型变量 beta
  [OK] 多态恒等函数类型: alpha -> alpha
       宇宙层级: 1
  实例化 alpha := Point: 成功

--- 类型推断 --------------------------------------
  注册推断规则...
    规则1 (点推断): 注册成功
    规则2 (线段推断): 注册成功

  创建约束图用于推断...
    添加点节点 (ID=0)
    添加线段节点 (ID=1)

  执行类型推断...
    点节点推断结果: NotEquivalent
    线段节点推断结果: Equivalent
    点节点无推断类型

  已注册推断规则数: 7
    [0] 优先级=0, 描述: Point node -> Point type
    [1] 优先级=0, 描述: LineSegment node -> LineSegment type
    [2] 优先级=0, 描述: Region node -> Region type
    [3] 优先级=0, 描述: FunctionBlock node -> Function type
    [4] 优先级=0, 描述: Port node -> Variable type (unconnected)
    [5] 优先级=10, 描述: 几何点节点推断为点类型
    [6] 优先级=10, 描述: 线段节点推断为线段类型

[清理] 释放类型系统资源...

示例完成！
