{"jsonrpc":"2.0","method":"stream.event","params":{
  "type": "NODE_ADDED",
  "type_name": "节点添加",
  "color": "#c9d1d9",
  "timestamp_ms": 416806866,
  "step": 0,
  "total_steps": -1,
  "node_id": -1,
  "constraint_id": -1,
  "rule_id": -1,
  "var_id": -1,
  "description": "添加点节点: id=0",
  "progress": -1,
  "numeric_value": 0
}}
{"jsonrpc":"2.0","method":"stream.event","params":{
  "type": "NODE_ADDED",
  "type_name": "节点添加",
  "color": "#c9d1d9",
  "timestamp_ms": 416806870,
  "step": 0,
  "total_steps": -1,
  "node_id": -1,
  "constraint_id": -1,
  "rule_id": -1,
  "var_id": -1,
  "description": "添加点节点: id=1",
  "progress": -1,
  "numeric_value": 0
}}
{"jsonrpc":"2.0","method":"stream.event","params":{
  "type": "NODE_ADDED",
  "type_name": "节点添加",
  "color": "#c9d1d9",
  "timestamp_ms": 416806870,
  "step": 0,
  "total_steps": -1,
  "node_id": -1,
  "constraint_id": -1,
  "rule_id": -1,
  "var_id": -1,
  "description": "添加点节点: id=2",
  "progress": -1,
  "numeric_value": 0
}}
{"jsonrpc":"2.0","method":"stream.event","params":{
  "type": "CONSTRAINT_ADDED",
  "type_name": "约束添加",
  "color": "#c9d1d9",
  "timestamp_ms": 416806874,
  "step": 0,
  "total_steps": -1,
  "node_id": -1,
  "constraint_id": -1,
  "rule_id": -1,
  "var_id": -1,
  "description": "添加关联约束: id=0, point=0, target=3",
  "progress": -1,
  "numeric_value": 0
}}
{"jsonrpc":"2.0","method":"stream.event","params":{
  "type": "CONSTRAINT_ADDED",
  "type_name": "约束添加",
  "color": "#c9d1d9",
  "timestamp_ms": 416806874,
  "step": 0,
  "total_steps": -1,
  "node_id": -1,
  "constraint_id": -1,
  "rule_id": -1,
  "var_id": -1,
  "description": "添加关联约束: id=1, point=1, target=3",
  "progress": -1,
  "numeric_value": 0
}}
{"jsonrpc":"2.0","method":"stream.event","params":{
  "type": "CONSTRAINT_ADDED",
  "type_name": "约束添加",
  "color": "#c9d1d9",
  "timestamp_ms": 416806874,
  "step": 0,
  "total_steps": -1,
  "node_id": -1,
  "constraint_id": -1,
  "rule_id": -1,
  "var_id": -1,
  "description": "添加关联约束: id=2, point=1, target=4",
  "progress": -1,
  "numeric_value": 0
}}
{"jsonrpc":"2.0","method":"stream.event","params":{
  "type": "CONSTRAINT_ADDED",
  "type_name": "约束添加",
  "color": "#c9d1d9",
  "timestamp_ms": 416806874,
  "step": 0,
  "total_steps": -1,
  "node_id": -1,
  "constraint_id": -1,
  "rule_id": -1,
  "var_id": -1,
  "description": "添加关联约束: id=3, point=2, target=4",
  "progress": -1,
  "numeric_value": 0
}}
{"jsonrpc":"2.0","method":"stream.event","params":{
  "type": "CONSTRAINT_ADDED",
  "type_name": "约束添加",
  "color": "#c9d1d9",
  "timestamp_ms": 416806874,
  "step": 0,
  "total_steps": -1,
  "node_id": -1,
  "constraint_id": -1,
  "rule_id": -1,
  "var_id": -1,
  "description": "添加关联约束: id=4, point=2, target=5",
  "progress": -1,
  "numeric_value": 0
}}
{"jsonrpc":"2.0","method":"stream.event","params":{
  "type": "CONSTRAINT_ADDED",
  "type_name": "约束添加",
  "color": "#c9d1d9",
  "timestamp_ms": 416806874,
  "step": 0,
  "total_steps": -1,
  "node_id": -1,
  "constraint_id": -1,
  "rule_id": -1,
  "var_id": -1,
  "description": "添加关联约束: id=5, point=0, target=5",
  "progress": -1,
  "numeric_value": 0
}}
{"jsonrpc":"2.0","method":"stream.event","params":{
  "type": "ENGINE_START",
  "type_name": "引擎启动",
  "color": "#3fb950",
  "timestamp_ms": 416806874,
  "step": 0,
  "total_steps": -1,
  "node_id": -1,
  "constraint_id": -1,
  "rule_id": -1,
  "var_id": -1,
  "description": "求解流程启动",
  "progress": -1,
  "numeric_value": 0
}}
{"jsonrpc":"2.0","method":"stream.event","params":{
  "type": "NORMALIZE_START",
  "type_name": "归一化开始",
  "color": "#c9d1d9",
  "timestamp_ms": 416806875,
  "step": 0,
  "total_steps": -1,
  "node_id": -1,
  "constraint_id": -1,
  "rule_id": -1,
  "var_id": -1,
  "description": "开始图规范化",
  "progress": -1,
  "numeric_value": 0
}}
{"jsonrpc":"2.0","method":"stream.event","params":{
  "type": "NORMALIZE_START",
  "type_name": "归一化开始",
  "color": "#c9d1d9",
  "timestamp_ms": 416806875,
  "step": 0,
  "total_steps": -1,
  "node_id": -1,
  "constraint_id": -1,
  "rule_id": -1,
  "var_id": -1,
  "description": "规范化开始: 6 个节点, 6 个约束",
  "progress": -1,
  "numeric_value": 0
}}
{"jsonrpc":"2.0","method":"stream.event","params":{
  "type": "INFO",
  "type_name": "信息",
  "color": "#8b949e",
  "timestamp_ms": 416806875,
  "step": 0,
  "total_steps": -1,
  "node_id": -1,
  "constraint_id": -1,
  "rule_id": -1,
  "var_id": -1,
  "description": "合并候选扫描完成: 发现 0 对候选",
  "progress": -1,
  "numeric_value": 0
}}
{"jsonrpc":"2.0","method":"stream.event","params":{
  "type": "PROGRESS",
  "type_name": "进度",
  "color": "#58a6ff",
  "timestamp_ms": 416806875,
  "step": 4,
  "total_steps": -1,
  "node_id": -1,
  "constraint_id": -1,
  "rule_id": -1,
  "var_id": -1,
  "description": "拓扑排序完成, 节点: 6",
  "progress": -1,
  "numeric_value": 0
}}
{"jsonrpc":"2.0","method":"stream.event","params":{
  "type": "NORMALIZE_DONE",
  "type_name": "归一化完成",
  "color": "#c9d1d9",
  "timestamp_ms": 416806875,
  "step": 5,
  "total_steps": -1,
  "node_id": -1,
  "constraint_id": -1,
  "rule_id": -1,
  "var_id": -1,
  "description": "规范化完成: 合并 0 个节点 (P1:0 P2:0 P3:0), 剩余 6 个节点",
  "progress": -1,
  "numeric_value": 0
}}
{"jsonrpc":"2.0","method":"stream.event","params":{
  "type": "NORMALIZE_DONE",
  "type_name": "归一化完成",
  "color": "#c9d1d9",
  "timestamp_ms": 416806875,
  "step": 0,
  "total_steps": -1,
  "node_id": 0,
  "constraint_id": -1,
  "rule_id": 0,
  "var_id": 0,
  "description": "图规范化完成",
  "progress": -1,
  "numeric_value": 0
}}
{"jsonrpc":"2.0","method":"stream.event","params":{
  "type": "SOLVE_START",
  "type_name": "求解开始",
  "color": "#c9d1d9",
  "timestamp_ms": 416806876,
  "step": 2,
  "total_steps": -1,
  "node_id": -1,
  "constraint_id": -1,
  "rule_id": -1,
  "var_id": -1,
  "description": "开始代数求解",
  "progress": -1,
  "numeric_value": 0
}}
{"jsonrpc":"2.0","method":"stream.event","params":{
  "type": "SOLVE_DONE",
  "type_name": "求解完成",
  "color": "#c9d1d9",
  "timestamp_ms": 416806876,
  "step": 2,
  "total_steps": -1,
  "node_id": -1,
  "constraint_id": -1,
  "rule_id": -1,
  "var_id": -1,
  "description": "代数求解完成",
  "progress": -1,
  "numeric_value": 0
}}
{"jsonrpc":"2.0","method":"stream.event","params":{
  "type": "INFO",
  "type_name": "信息",
  "color": "#8b949e",
  "timestamp_ms": 416806876,
  "step": 5,
  "total_steps": -1,
  "node_id": -1,
  "constraint_id": -1,
  "rule_id": -1,
  "var_id": -1,
  "description": "开始信任颜色传播",
  "progress": -1,
  "numeric_value": 0
}}
{"jsonrpc":"2.0","method":"stream.event","params":{
  "type": "ENGINE_DONE",
  "type_name": "引擎完成",
  "color": "#3fb950",
  "timestamp_ms": 416806876,
  "step": 4,
  "total_steps": 0,
  "node_id": 0,
  "constraint_id": 0,
  "rule_id": 0,
  "var_id": 0,
  "description": "求解流程完成",
  "progress": 0,
  "numeric_value": 0
}}
{"jsonrpc":"2.0","method":"stream.event","params":{
  "type": "NODE_ADDED",
  "type_name": "节点添加",
  "color": "#c9d1d9",
  "timestamp_ms": 416806877,
  "step": 0,
  "total_steps": -1,
  "node_id": -1,
  "constraint_id": -1,
  "rule_id": -1,
  "var_id": -1,
  "description": "添加点节点: id=0",
  "progress": -1,
  "numeric_value": 0
}}
{"jsonrpc":"2.0","method":"stream.event","params":{
  "type": "NODE_ADDED",
  "type_name": "节点添加",
  "color": "#c9d1d9",
  "timestamp_ms": 416806877,
  "step": 0,
  "total_steps": -1,
  "node_id": -1,
  "constraint_id": -1,
  "rule_id": -1,
  "var_id": -1,
  "description": "添加点节点: id=1",
  "progress": -1,
  "numeric_value": 0
}}
{"jsonrpc":"2.0","method":"stream.event","params":{
  "type": "NODE_ADDED",
  "type_name": "节点添加",
  "color": "#c9d1d9",
  "timestamp_ms": 416806877,
  "step": 0,
  "total_steps": -1,
  "node_id": -1,
  "constraint_id": -1,
  "rule_id": -1,
  "var_id": -1,
  "description": "添加点节点: id=2",
  "progress": -1,
  "numeric_value": 0
}}
{"jsonrpc":"2.0","method":"stream.event","params":{
  "type": "NODE_ADDED",
  "type_name": "节点添加",
  "color": "#c9d1d9",
  "timestamp_ms": 416806878,
  "step": 0,
  "total_steps": -1,
  "node_id": -1,
  "constraint_id": -1,
  "rule_id": -1,
  "var_id": -1,
  "description": "添加点节点: id=3",
  "progress": -1,
  "numeric_value": 0
}}
{"jsonrpc":"2.0","method":"stream.event","params":{
  "type": "NODE_ADDED",
  "type_name": "节点添加",
  "color": "#c9d1d9",
  "timestamp_ms": 416806878,
  "step": 0,
  "total_steps": -1,
  "node_id": -1,
  "constraint_id": -1,
  "rule_id": -1,
  "var_id": -1,
  "description": "添加点节点: id=4",
  "progress": -1,
  "numeric_value": 0
}}
{"jsonrpc":"2.0","method":"stream.event","params":{
  "type": "CONSTRAINT_ADDED",
  "type_name": "约束添加",
  "color": "#c9d1d9",
  "timestamp_ms": 416806884,
  "step": 0,
  "total_steps": -1,
  "node_id": -1,
  "constraint_id": -1,
  "rule_id": -1,
  "var_id": -1,
  "description": "添加关联约束: id=0, point=2, target=5",
  "progress": -1,
  "numeric_value": 0
}}
{"jsonrpc":"2.0","method":"stream.event","params":{
  "type": "CONSTRAINT_ADDED",
  "type_name": "约束添加",
  "color": "#c9d1d9",
  "timestamp_ms": 416806884,
  "step": 0,
  "total_steps": -1,
  "node_id": -1,
  "constraint_id": -1,
  "rule_id": -1,
  "var_id": -1,
  "description": "添加关联约束: id=1, point=3, target=5",
  "progress": -1,
  "numeric_value": 0
}}
{"jsonrpc":"2.0","method":"stream.event","params":{
  "type": "CONSTRAINT_ADDED",
  "type_name": "约束添加",
  "color": "#c9d1d9",
  "timestamp_ms": 416806884,
  "step": 0,
  "total_steps": -1,
  "node_id": -1,
  "constraint_id": -1,
  "rule_id": -1,
  "var_id": -1,
  "description": "添加关联约束: id=2, point=0, target=6",
  "progress": -1,
  "numeric_value": 0
}}
{"jsonrpc":"2.0","method":"stream.event","params":{
  "type": "CONSTRAINT_ADDED",
  "type_name": "约束添加",
  "color": "#c9d1d9",
  "timestamp_ms": 416806884,
  "step": 0,
  "total_steps": -1,
  "node_id": -1,
  "constraint_id": -1,
  "rule_id": -1,
  "var_id": -1,
  "description": "添加关联约束: id=3, point=1, target=6",
  "progress": -1,
  "numeric_value": 0
}}
{"jsonrpc":"2.0","method":"stream.event","params":{
  "type": "CONSTRAINT_ADDED",
  "type_name": "约束添加",
  "color": "#c9d1d9",
  "timestamp_ms": 416806884,
  "step": 0,
  "total_steps": -1,
  "node_id": -1,
  "constraint_id": -1,
  "rule_id": -1,
  "var_id": -1,
  "description": "添加关联约束: id=4, point=4, target=5",
  "progress": -1,
  "numeric_value": 0
}}
{"jsonrpc":"2.0","method":"stream.event","params":{
  "type": "ENGINE_START",
  "type_name": "引擎启动",
  "color": "#3fb950",
  "timestamp_ms": 416806884,
  "step": 0,
  "total_steps": -1,
  "node_id": -1,
  "constraint_id": -1,
  "rule_id": -1,
  "var_id": -1,
  "description": "求解流程启动",
  "progress": -1,
  "numeric_value": 0
}}
{"jsonrpc":"2.0","method":"stream.event","params":{
  "type": "NORMALIZE_START",
  "type_name": "归一化开始",
  "color": "#c9d1d9",
  "timestamp_ms": 416806885,
  "step": 0,
  "total_steps": -1,
  "node_id": -1,
  "constraint_id": -1,
  "rule_id": -1,
  "var_id": -1,
  "description": "开始图规范化",
  "progress": -1,
  "numeric_value": 0
}}
{"jsonrpc":"2.0","method":"stream.event","params":{
  "type": "NORMALIZE_START",
  "type_name": "归一化开始",
  "color": "#c9d1d9",
  "timestamp_ms": 416806885,
  "step": 0,
  "total_steps": -1,
  "node_id": -1,
  "constraint_id": -1,
  "rule_id": -1,
  "var_id": -1,
  "description": "规范化开始: 7 个节点, 6 个约束",
  "progress": -1,
  "numeric_value": 0
}}
{"jsonrpc":"2.0","method":"stream.event","params":{
  "type": "INFO",
  "type_name": "信息",
  "color": "#8b949e",
  "timestamp_ms": 416806885,
  "step": 0,
  "total_steps": -1,
  "node_id": -1,
  "constraint_id": -1,
  "rule_id": -1,
  "var_id": -1,
  "description": "合并候选扫描完成: 发现 1 对候选",
  "progress": -1,
  "numeric_value": 0
}}
{"jsonrpc":"2.0","method":"stream.event","params":{
  "type": "PROGRESS",
  "type_name": "进度",
  "color": "#58a6ff",
  "timestamp_ms": 416806885,
  "step": 0,
  "total_steps": -1,
  "node_id": -1,
  "constraint_id": -1,
  "rule_id": -1,
  "var_id": -1,
  "description": "批量合并: 1 个节点被合并",
  "progress": -1,
  "numeric_value": 0
}}
{"jsonrpc":"2.0","method":"stream.event","params":{
  "type": "INFO",
  "type_name": "信息",
  "color": "#8b949e",
  "timestamp_ms": 416806885,
  "step": 0,
  "total_steps": -1,
  "node_id": 4,
  "constraint_id": -1,
  "rule_id": -1,
  "var_id": -1,
  "description": "移除节点: id=4",
  "progress": -1,
  "numeric_value": 0
}}
{"jsonrpc":"2.0","method":"stream.event","params":{
  "type": "NORMALIZE_MERGE",
  "type_name": "节点合并",
  "color": "#a371f7",
  "timestamp_ms": 416806885,
  "step": 1,
  "total_steps": -1,
  "node_id": -1,
  "constraint_id": -1,
  "rule_id": -1,
  "var_id": -1,
  "description": "点合并: 节点 4 → 0",
  "progress": -1,
  "numeric_value": 0
}}
{"jsonrpc":"2.0","method":"stream.event","params":{
  "type": "PROGRESS",
  "type_name": "进度",
  "color": "#58a6ff",
  "timestamp_ms": 416806885,
  "step": 4,
  "total_steps": -1,
  "node_id": -1,
  "constraint_id": -1,
  "rule_id": -1,
  "var_id": -1,
  "description": "拓扑排序完成, 节点: 6",
  "progress": -1,
  "numeric_value": 0
}}
{"jsonrpc":"2.0","method":"stream.event","params":{
  "type": "NORMALIZE_DONE",
  "type_name": "归一化完成",
  "color": "#c9d1d9",
  "timestamp_ms": 416806885,
  "step": 5,
  "total_steps": -1,
  "node_id": -1,
  "constraint_id": -1,
  "rule_id": -1,
  "var_id": -1,
  "description": "规范化完成: 合并 1 个节点 (P1:1 P2:0 P3:0), 剩余 6 个节点",
  "progress": -1,
  "numeric_value": 0
}}
{"jsonrpc":"2.0","method":"stream.event","params":{
  "type": "NORMALIZE_DONE",
  "type_name": "归一化完成",
  "color": "#c9d1d9",
  "timestamp_ms": 416806886,
  "step": 0,
  "total_steps": -1,
  "node_id": 1,
  "constraint_id": -1,
  "rule_id": 0,
  "var_id": 0,
  "description": "图规范化完成",
  "progress": -1,
  "numeric_value": 0
}}
{"jsonrpc":"2.0","method":"stream.event","params":{
  "type": "SOLVE_START",
  "type_name": "求解开始",
  "color": "#c9d1d9",
  "timestamp_ms": 416806886,
  "step": 2,
  "total_steps": -1,
  "node_id": -1,
  "constraint_id": -1,
  "rule_id": -1,
  "var_id": -1,
  "description": "开始代数求解",
  "progress": -1,
  "numeric_value": 0
}}
{"jsonrpc":"2.0","method":"stream.event","params":{
  "type": "SOLVE_DONE",
  "type_name": "求解完成",
  "color": "#c9d1d9",
  "timestamp_ms": 416806886,
  "step": 2,
  "total_steps": -1,
  "node_id": -1,
  "constraint_id": -1,
  "rule_id": -1,
  "var_id": -1,
  "description": "代数求解完成",
  "progress": -1,
  "numeric_value": 0
}}
{"jsonrpc":"2.0","method":"stream.event","params":{
  "type": "INFO",
  "type_name": "信息",
  "color": "#8b949e",
  "timestamp_ms": 416806886,
  "step": 5,
  "total_steps": -1,
  "node_id": -1,
  "constraint_id": -1,
  "rule_id": -1,
  "var_id": -1,
  "description": "开始信任颜色传播",
  "progress": -1,
  "numeric_value": 0
}}
{"jsonrpc":"2.0","method":"stream.event","params":{
  "type": "ENGINE_DONE",
  "type_name": "引擎完成",
  "color": "#3fb950",
  "timestamp_ms": 416806886,
  "step": 4,
  "total_steps": 0,
  "node_id": 0,
  "constraint_id": 0,
  "rule_id": 0,
  "var_id": 0,
  "description": "求解流程完成",
  "progress": 0,
  "numeric_value": 0
}}
{"jsonrpc":"2.0","method":"stream.event","params":{
  "type": "NODE_ADDED",
  "type_name": "节点添加",
  "color": "#c9d1d9",
  "timestamp_ms": 416806888,
  "step": 0,
  "total_steps": -1,
  "node_id": -1,
  "constraint_id": -1,
  "rule_id": -1,
  "var_id": -1,
  "description": "添加点节点: id=0",
  "progress": -1,
  "numeric_value": 0
}}
{"jsonrpc":"2.0","method":"stream.event","params":{
  "type": "NODE_ADDED",
  "type_name": "节点添加",
  "color": "#c9d1d9",
  "timestamp_ms": 416806888,
  "step": 0,
  "total_steps": -1,
  "node_id": -1,
  "constraint_id": -1,
  "rule_id": -1,
  "var_id": -1,
  "description": "添加点节点: id=1",
  "progress": -1,
  "numeric_value": 0
}}
{"jsonrpc":"2.0","method":"stream.event","params":{
  "type": "NODE_ADDED",
  "type_name": "节点添加",
  "color": "#c9d1d9",
  "timestamp_ms": 416806888,
  "step": 0,
  "total_steps": -1,
  "node_id": -1,
  "constraint_id": -1,
  "rule_id": -1,
  "var_id": -1,
  "description": "添加点节点: id=2",
  "progress": -1,
  "numeric_value": 0
}}
{"jsonrpc":"2.0","method":"stream.event","params":{
  "type": "NODE_ADDED",
  "type_name": "节点添加",
  "color": "#c9d1d9",
  "timestamp_ms": 416806888,
  "step": 0,
  "total_steps": -1,
  "node_id": -1,
  "constraint_id": -1,
  "rule_id": -1,
  "var_id": -1,
  "description": "添加点节点: id=3",
  "progress": -1,
  "numeric_value": 0
}}
{"jsonrpc":"2.0","method":"stream.event","params":{
  "type": "NODE_ADDED",
  "type_name": "节点添加",
  "color": "#c9d1d9",
  "timestamp_ms": 416806888,
  "step": 0,
  "total_steps": -1,
  "node_id": -1,
  "constraint_id": -1,
  "rule_id": -1,
  "var_id": -1,
  "description": "添加点节点: id=4",
  "progress": -1,
  "numeric_value": 0
}}
{"jsonrpc":"2.0","method":"stream.event","params":{
  "type": "CONSTRAINT_ADDED",
  "type_name": "约束添加",
  "color": "#c9d1d9",
  "timestamp_ms": 416806888,
  "step": 0,
  "total_steps": -1,
  "node_id": -1,
  "constraint_id": -1,
  "rule_id": -1,
  "var_id": -1,
  "description": "添加关联约束: id=0, point=0, target=5",
  "progress": -1,
  "numeric_value": 0
}}
{"jsonrpc":"2.0","method":"stream.event","params":{
  "type": "CONSTRAINT_ADDED",
  "type_name": "约束添加",
  "color": "#c9d1d9",
  "timestamp_ms": 416806888,
  "step": 0,
  "total_steps": -1,
  "node_id": -1,
  "constraint_id": -1,
  "rule_id": -1,
  "var_id": -1,
  "description": "添加关联约束: id=1, point=1, target=5",
  "progress": -1,
  "numeric_value": 0
}}
{"jsonrpc":"2.0","method":"stream.event","params":{
  "type": "CONSTRAINT_ADDED",
  "type_name": "约束添加",
  "color": "#c9d1d9",
  "timestamp_ms": 416806888,
  "step": 0,
  "total_steps": -1,
  "node_id": -1,
  "constraint_id": -1,
  "rule_id": -1,
  "var_id": -1,
  "description": "添加关联约束: id=2, point=1, target=6",
  "progress": -1,
  "numeric_value": 0
}}
{"jsonrpc":"2.0","method":"stream.event","params":{
  "type": "CONSTRAINT_ADDED",
  "type_name": "约束添加",
  "color": "#c9d1d9",
  "timestamp_ms": 416806888,
  "step": 0,
  "total_steps": -1,
  "node_id": -1,
  "constraint_id": -1,
  "rule_id": -1,
  "var_id": -1,
  "description": "添加关联约束: id=3, point=2, target=6",
  "progress": -1,
  "numeric_value": 0
}}
{"jsonrpc":"2.0","method":"stream.event","params":{
  "type": "CONSTRAINT_ADDED",
  "type_name": "约束添加",
  "color": "#c9d1d9",
  "timestamp_ms": 416806888,
  "step": 0,
  "total_steps": -1,
  "node_id": -1,
  "constraint_id": -1,
  "rule_id": -1,
  "var_id": -1,
  "description": "添加关联约束: id=4, point=2, target=7",
  "progress": -1,
  "numeric_value": 0
}}
{"jsonrpc":"2.0","method":"stream.event","params":{
  "type": "CONSTRAINT_ADDED",
  "type_name": "约束添加",
  "color": "#c9d1d9",
  "timestamp_ms": 416806888,
  "step": 0,
  "total_steps": -1,
  "node_id": -1,
  "constraint_id": -1,
  "rule_id": -1,
  "var_id": -1,
  "description": "添加关联约束: id=5, point=3, target=7",
  "progress": -1,
  "numeric_value": 0
}}
{"jsonrpc":"2.0","method":"stream.event","params":{
  "type": "CONSTRAINT_ADDED",
  "type_name": "约束添加",
  "color": "#c9d1d9",
  "timestamp_ms": 416806888,
  "step": 0,
  "total_steps": -1,
  "node_id": -1,
  "constraint_id": -1,
  "rule_id": -1,
  "var_id": -1,
  "description": "添加关联约束: id=6, point=3, target=8",
  "progress": -1,
  "numeric_value": 0
}}
{"jsonrpc":"2.0","method":"stream.event","params":{
  "type": "CONSTRAINT_ADDED",
  "type_name": "约束添加",
  "color": "#c9d1d9",
  "timestamp_ms": 416806889,
  "step": 0,
  "total_steps": -1,
  "node_id": -1,
  "constraint_id": -1,
  "rule_id": -1,
  "var_id": -1,
  "description": "添加关联约束: id=7, point=4, target=8",
  "progress": -1,
  "numeric_value": 0
}}
{"jsonrpc":"2.0","method":"stream.event","params":{
  "type": "ENGINE_START",
  "type_name": "引擎启动",
  "color": "#3fb950",
  "timestamp_ms": 416806889,
  "step": 0,
  "total_steps": -1,
  "node_id": -1,
  "constraint_id": -1,
  "rule_id": -1,
  "var_id": -1,
  "description": "求解流程启动",
  "progress": -1,
  "numeric_value": 0
}}
{"jsonrpc":"2.0","method":"stream.event","params":{
  "type": "NORMALIZE_START",
  "type_name": "归一化开始",
  "color": "#c9d1d9",
  "timestamp_ms": 416806889,
  "step": 0,
  "total_steps": -1,
  "node_id": -1,
  "constraint_id": -1,
  "rule_id": -1,
  "var_id": -1,
  "description": "开始图规范化",
  "progress": -1,
  "numeric_value": 0
}}
{"jsonrpc":"2.0","method":"stream.event","params":{
  "type": "NORMALIZE_START",
  "type_name": "归一化开始",
  "color": "#c9d1d9",
  "timestamp_ms": 416806889,
  "step": 0,
  "total_steps": -1,
  "node_id": -1,
  "constraint_id": -1,
  "rule_id": -1,
  "var_id": -1,
  "description": "规范化开始: 9 个节点, 8 个约束",
  "progress": -1,
  "numeric_value": 0
}}
{"jsonrpc":"2.0","method":"stream.event","params":{
  "type": "INFO",
  "type_name": "信息",
  "color": "#8b949e",
  "timestamp_ms": 416806889,
  "step": 0,
  "total_steps": -1,
  "node_id": -1,
  "constraint_id": -1,
  "rule_id": -1,
  "var_id": -1,
  "description": "合并候选扫描完成: 发现 0 对候选",
  "progress": -1,
  "numeric_value": 0
}}
{"jsonrpc":"2.0","method":"stream.event","params":{
  "type": "PROGRESS",
  "type_name": "进度",
  "color": "#58a6ff",
  "timestamp_ms": 416806889,
  "step": 4,
  "total_steps": -1,
  "node_id": -1,
  "constraint_id": -1,
  "rule_id": -1,
  "var_id": -1,
  "description": "拓扑排序完成, 节点: 9",
  "progress": -1,
  "numeric_value": 0
}}
{"jsonrpc":"2.0","method":"stream.event","params":{
  "type": "NORMALIZE_DONE",
  "type_name": "归一化完成",
  "color": "#c9d1d9",
  "timestamp_ms": 416806889,
  "step": 5,
  "total_steps": -1,
  "node_id": -1,
  "constraint_id": -1,
  "rule_id": -1,
  "var_id": -1,
  "description": "规范化完成: 合并 0 个节点 (P1:0 P2:0 P3:0), 剩余 9 个节点",
  "progress": -1,
  "numeric_value": 0
}}
{"jsonrpc":"2.0","method":"stream.event","params":{
  "type": "NORMALIZE_DONE",
  "type_name": "归一化完成",
  "color": "#c9d1d9",
  "timestamp_ms": 416806889,
  "step": 0,
  "total_steps": -1,
  "node_id": 0,
  "constraint_id": -1,
  "rule_id": 0,
  "var_id": 0,
  "description": "图规范化完成",
  "progress": -1,
  "numeric_value": 0
}}
{"jsonrpc":"2.0","method":"stream.event","params":{
  "type": "SOLVE_START",
  "type_name": "求解开始",
  "color": "#c9d1d9",
  "timestamp_ms": 416806889,
  "step": 2,
  "total_steps": -1,
  "node_id": -1,
  "constraint_id": -1,
  "rule_id": -1,
  "var_id": -1,
  "description": "开始代数求解",
  "progress": -1,
  "numeric_value": 0
}}
{"jsonrpc":"2.0","method":"stream.event","params":{
  "type": "SOLVE_DONE",
  "type_name": "求解完成",
  "color": "#c9d1d9",
  "timestamp_ms": 416806889,
  "step": 2,
  "total_steps": -1,
  "node_id": -1,
  "constraint_id": -1,
  "rule_id": -1,
  "var_id": -1,
  "description": "代数求解完成",
  "progress": -1,
  "numeric_value": 0
}}
{"jsonrpc":"2.0","method":"stream.event","params":{
  "type": "INFO",
  "type_name": "信息",
  "color": "#8b949e",
  "timestamp_ms": 416806889,
  "step": 5,
  "total_steps": -1,
  "node_id": -1,
  "constraint_id": -1,
  "rule_id": -1,
  "var_id": -1,
  "description": "开始信任颜色传播",
  "progress": -1,
  "numeric_value": 0
}}
{"jsonrpc":"2.0","method":"stream.event","params":{
  "type": "ENGINE_DONE",
  "type_name": "引擎完成",
  "color": "#3fb950",
  "timestamp_ms": 416806889,
  "step": 4,
  "total_steps": 0,
  "node_id": 0,
  "constraint_id": 0,
  "rule_id": 0,
  "var_id": 0,
  "description": "求解流程完成",
  "progress": 0,
  "numeric_value": 0
}}
