╔════════════════════════════════════════════════╗
║  Lv-00 流式输出高级演示 v3.2.0                 ║
║  四种发射模式 + 惰性求值 + 过滤 + 序列化       ║
╚════════════════════════════════════════════════╝

========== 演示1: 四种发射模式对比 ==========

  [1.1] IMMEDIATE 模式
    回调触发次数: 3 (预期: 3)
    最后事件类型: 引擎完成

  [1.2] BUFFERED 模式
    flush 前回调次数: 0 (预期: 0)
    缓冲区事件数: 3 (预期: 3)
    flush 后回调次数: 3 (预期: 3)
    缓冲区事件数: 0 (预期: 0)

  [1.3] THROTTLED 模式
    发射10个事件后回调次数: 1
    缓冲区事件数: 9
    flush 后回调次数: 10

  [1.4] LAZY 模式
    惰性队列事件数: 3 (预期: 3)
    lazy_drain 拉取数: 3 (预期: 3)
    回调触发次数: 3 (预期: 3)
    惰性队列剩余: 0 (预期: 0)

========== 演示1 完成 ==========

========== 演示2: 事件类型过滤 ==========
  [错误监控] 类型=警告 描述=警告: 接近超时
  [错误监控] 类型=错误 描述=错误: 冲突
  全量回调触发: 6 (预期: 6)
  求解回调触发: 3 (预期: 3)
  已更新错误回调过滤为仅 WARNING
========== 演示2 完成 ==========

========== 演示3: 过滤掩码解析 ==========
  "all                                     " => mask=0xFFFFFFFFFFFFFFFF  (接收全部事件)
  "*                                       " => mask=0xFFFFFFFFFFFFFFFF  (通配符接收全部)
  "none                                    " => mask=0x0000000000000000  (不接收任何事件)
  "ENGINE_START                            " => mask=0x0000000000000001  (仅引擎启动)
  "engine                                  " => mask=0x0000000000000007  (引擎生命周期事件)
  "solve                                   " => mask=0x000000000001F000  (求解相关事件)
  "engine,solve                            " => mask=0x000000000001F007  (引擎+求解事件)
  "ENGINE_START,ENGINE_DONE,ERROR          " => mask=0x0000040000000003  (混合指定事件)
  "rewrite,proof                           " => mask=0x00000000003E0FC0  (重写+证明事件)
  "func_block                              " => mask=0x000000003FC00000  (函数块事件)
  "normalize                               " => mask=0x0000000000000038  (归一化事件)
========== 演示3 完成 ==========

========== 演示4: 事件统计 ==========
  总事件数: 14
  丢弃事件数: 0
  按类型统计:
    引擎启动                  : 1
    引擎完成                  : 1
    节点添加                  : 3
    约束添加                  : 2
    归一化开始               : 1
    节点合并                  : 1
    归一化完成               : 1
    求解开始                  : 1
    变量解得                  : 1
    求解完成                  : 1
    错误                        : 1
  重置后总事件数: 0 (预期: 0)
========== 演示4 完成 ==========

========== 演示5: JSON 序列化 ==========
  JSON 输出 (314 字节):
{
  "type": "SOLVE_VARIABLE_RESOLVED",
  "type_name": "变量解得",
  "color": "#a371f7",
  "timestamp_ms": 416808675,
  "step": 5,
  "total_steps": 10,
  "node_id": 0,
  "constraint_id": 0,
  "rule_id": 0,
  "var_id": 42,
  "description": "变量 x 求解成功",
  "progress": 0.5,
  "numeric_value": 3.14159
}
  JSON-RPC 输出 (365 字节):
{"jsonrpc":"2.0","method":"stream.event","params":{
  "type": "SOLVE_VARIABLE_RESOLVED",
  "type_name": "变量解得",
  "color": "#a371f7",
  "timestamp_ms": 416808675,
  "step": 5,
  "total_steps": 10,
  "node_id": 0,
  "constraint_id": 0,
  "rule_id": 0,
  "var_id": 42,
  "description": "变量 x 求解成功",
  "progress": 0.5,
  "numeric_value": 3.14159
}}
  转义测试:
{
  "type": "INFO",
  "type_name": "信息",
  "color": "#8b949e",
  "timestamp_ms": 416808738,
  "step": 0,
  "total_steps": 0,
  "node_id": 0,
  "constraint_id": 0,
  "rule_id": 0,
  "var_id": 0,
  "description": "包含\"引号\"和\\反斜杠\\及\n换行",
  "progress": 0,
  "numeric_value": 0
}
========== 演示5 完成 ==========

========== 演示6: 惰性模式高级用法 ==========
  发射50个事件后:
    惰性队列: 50 (预期: 50)
    拉取5个后队列: 50 (预期: 45)
    批量拉取: 50 (预期: 45)
    回调触发: 50
========== 演示6 完成 ==========

========== 演示7: 便捷发射函数 ==========
  便捷函数回调触发次数: 9 (预期: 9)
  最后事件: type=信息 desc="一般信息"
========== 演示7 完成 ==========

========== 演示8: 回调 ID 管理 ==========
  注册回调 ID: 1, 2, 3
  3个回调各触发1次: cap1=1 cap2=1 cap3=1
  注销id2后: cap1=1 cap2=0(预期:0) cap3=1
  id1 过滤掩码: 0xFFFFFFFFFFFFFFFF (预期: ALL)
  无效ID过滤掩码: 0x0000000000000000 (预期: NONE)
========== 演示8 完成 ==========

所有演示完成。
