========================================
  Lv-00 函数块组合与类型系统示例
========================================

[1/4] 创建基本几何函数块...
  创建中点函数块...
  中点函数块创建成功 (ID=7)
  创建距离函数块...
  距离函数块创建成功 (ID=14)

[2/4] 函数块组合...
  组合 Distance ∘ Midpoint: 失败
  乘积 Midpoint × Distance: 成功
  乘积函数块输入数: 4
  乘积函数块输出数: 2

[3/4] 部分应用（柯里化）...
  部分应用 Midpoint: 成功
  柯里化后输入数: 1 (原: 2)

[4/4] 类型系统演示...

[类型系统演示]
  创建基本类型...
  创建函数类型: Point -> Point -> Point
  创建乘积类型: Point × Point

  类型等价检查:
    Point ≡ Point: 是
    Point ≡ Segment: 否

  宇宙层级:
    Point 层级: 0
    Segment 层级: 0

  累积性检查:
    Point 累积到 Segment: 是

清理资源...

示例完成！
