
====== Test Suite: 生命周期管理 ======
  Running: test_destroy_fields_order_and_null ... 
========== Lv-00 内存泄漏报告 ==========
无内存泄漏 —— 所有分配均已正确释放。
==========================================


========== Lv-00 内存泄漏报告 ==========
无内存泄漏 —— 所有分配均已正确释放。
==========================================

PASS
  Running: test_defer_multi_exit ... PASS
  Running: test_defer_lifo_order ... PASS
  Running: test_defer_free_many ... 
========== Lv-00 内存泄漏报告 ==========
无内存泄漏 —— 所有分配均已正确释放。
==========================================


========== Lv-00 内存泄漏报告 ==========
无内存泄漏 —— 所有分配均已正确释放。
==========================================

PASS
  Running: test_scope_exit_alias ... PASS
  Running: test_graph_destroy_roundtrip ... 
========== Lv-00 内存泄漏报告 ==========
无内存泄漏 —— 所有分配均已正确释放。
==========================================


========== Lv-00 内存泄漏报告 ==========
无内存泄漏 —— 所有分配均已正确释放。
==========================================

PASS
  Running: test_heap_composite_roundtrip ... 
========== Lv-00 内存泄漏报告 ==========
无内存泄漏 —— 所有分配均已正确释放。
==========================================


========== Lv-00 内存泄漏报告 ==========
无内存泄漏 —— 所有分配均已正确释放。
==========================================

PASS
  Running: test_refcount_destructor_once ... PASS
  Running: test_k7_shim_destroy_equivalence ... 
========== Lv-00 内存泄漏报告 ==========
无内存泄漏 —— 所有分配均已正确释放。
==========================================


========== Lv-00 内存泄漏报告 ==========
地址               大小(字节) 源文件:行号               状态
----------------------------------------------------------------------------
0x0000020764068338 32           <未记录>                    [泄漏]
0x0000020764068f38 40           <未记录>                    [泄漏]
0x0000020764069118 40           <未记录>                    [泄漏]
0x0000020764068e18 32           <未记录>                    [泄漏]
0x00000207640672d8 40           <未记录>                    [泄漏]
0x0000020764067278 40           <未记录>                    [泄漏]
0x0000020764067ab8 32           <未记录>                    [泄漏]
0x0000020764067a58 40           <未记录>                    [泄漏]
0x00000207640679f8 40           <未记录>                    [泄漏]
0x0000020764067878 32           <未记录>                    [泄漏]
0x0000020764066eb8 40           <未记录>                    [泄漏]
0x0000020764067818 40           <未记录>                    [泄漏]
0x00000207640670f8 32           <未记录>                    [泄漏]
0x0000020764067158 40           <未记录>                    [泄漏]
0x0000020764067c98 40           <未记录>                    [泄漏]
0x00000207640674b8 32           <未记录>                    [泄漏]
0x0000020764067cf8 40           <未记录>                    [泄漏]
0x0000020764067758 40           <未记录>                    [泄漏]
0x00000207640676f8 32           <未记录>                    [泄漏]
0x00000207640673f8 40           <未记录>                    [泄漏]
0x00000207640665c8 40           <未记录>                    [泄漏]
0x0000020764065d88 32           <未记录>                    [泄漏]
0x0000020764065d28 40           <未记录>                    [泄漏]
0x0000020764065c08 40           <未记录>                    [泄漏]
0x0000020764066148 32           <未记录>                    [泄漏]
0x00000207640662c8 40           <未记录>                    [泄漏]
0x0000020764066808 40           <未记录>                    [泄漏]
0x0000020764065c68 32           <未记录>                    [泄漏]
0x0000020764065e48 40           <未记录>                    [泄漏]
0x00000207640663e8 40           <未记录>                    [泄漏]
0x0000020764066268 32           <未记录>                    [泄漏]
0x00000207640660e8 40           <未记录>                    [泄漏]
0x0000020764065a28 40           <未记录>                    [泄漏]
0x0000020764066628 32           <未记录>                    [泄漏]
0x0000020764066868 40           <未记录>                    [泄漏]
0x0000020764066688 40           <未记录>                    [泄漏]
0x0000020764064c18 32           <未记录>                    [泄漏]
0x0000020764064b58 40           <未记录>                    [泄漏]
0x0000020764065338 40           <未记录>                    [泄漏]
0x0000020764064978 32           <未记录>                    [泄漏]
0x0000020764064bb8 40           <未记录>                    [泄漏]
0x00000207640649d8 40           <未记录>                    [泄漏]
0x0000020764064df8 32           <未记录>                    [泄漏]
0x00000207640650f8 40           <未记录>                    [泄漏]
0x0000020764064798 40           <未记录>                    [泄漏]
0x0000020764064618 32           <未记录>                    [泄漏]
0x0000020764064d38 40           <未记录>                    [泄漏]
0x0000020764065278 40           <未记录>                    [泄漏]
0x0000020764065098 32           <未记录>                    [泄漏]
0x0000020764065038 40           <未记录>                    [泄漏]
0x0000020764064558 40           <未记录>                    [泄漏]
0x00000207640636a8 32           <未记录>                    [泄漏]
0x0000020764062c28 40           <未记录>                    [泄漏]
0x0000020764062ec8 40           <未记录>                    [泄漏]
0x0000020764063768 32           <未记录>                    [泄漏]
0x0000020764062928 40           <未记录>                    [泄漏]
0x00000207640637c8 40           <未记录>                    [泄漏]
0x0000020764063348 32           <未记录>                    [泄漏]
0x0000020764062d48 40           <未记录>                    [泄漏]
0x0000020764062ce8 40           <未记录>                    [泄漏]
0x0000020764062a48 32           <未记录>                    [泄漏]
0x0000020764063708 40           <未记录>                    [泄漏]
0x0000020764063528 40           <未记录>                    [泄漏]
0x0000020764062e08 32           <未记录>                    [泄漏]
0x00000207640634c8 40           <未记录>                    [泄漏]
0x0000020764063468 40           <未记录>                    [泄漏]
0x0000020764060338 32           <未记录>                    [泄漏]
0x0000020764060ed8 40           <未记录>                    [泄漏]
0x0000020764060e78 40           <未记录>                    [泄漏]
0x0000020764060e18 32           <未记录>                    [泄漏]
0x0000020764060278 40           <未记录>                    [泄漏]
0x00000207640600f8 40           <未记录>                    [泄漏]
0x0000020764060638 32           <未记录>                    [泄漏]
0x00000207640609f8 40           <未记录>                    [泄漏]
0x0000020764060c98 40           <未记录>                    [泄漏]
0x0000020764060938 32           <未记录>                    [泄漏]
0x00000207640608d8 40           <未记录>                    [泄漏]
0x0000020764060f98 40           <未记录>                    [泄漏]
0x0000020764060ab8 32           <未记录>                    [泄漏]
0x0000020764060a58 40           <未记录>                    [泄漏]
0x00000207640601b8 40           <未记录>                    [泄漏]
0x000002076417e248 32           <未记录>                    [泄漏]
0x000002076417e188 40           <未记录>                    [泄漏]
0x000002076417e008 40           <未记录>                    [泄漏]
0x000002076417e068 32           <未记录>                    [泄漏]
0x000002076417dac8 40           <未记录>                    [泄漏]
0x000002076417e1e8 40           <未记录>                    [泄漏]
0x000002076417e0c8 32           <未记录>                    [泄漏]
0x000002076417e128 40           <未记录>                    [泄漏]
0x000002076417da08 40           <未记录>                    [泄漏]
0x000002076417dd08 32           <未记录>                    [泄漏]
0x000002076417d528 40           <未记录>                    [泄漏]
0x000002076417de88 40           <未记录>                    [泄漏]
0x000002076417dbe8 32           <未记录>                    [泄漏]
0x000002076417ddc8 40           <未记录>                    [泄漏]
0x000002076417d948 40           <未记录>                    [泄漏]
0x000002076417c158 32           <未记录>                    [泄漏]
0x000002076417c038 40           <未记录>                    [泄漏]
0x000002076417bfd8 40           <未记录>                    [泄漏]
0x000002076417b318 32           <未记录>                    [泄漏]
0x000002076417b498 40           <未记录>                    [泄漏]
0x000002076417b918 40           <未记录>                    [泄漏]
0x000002076417bd38 32           <未记录>                    [泄漏]
0x000002076417b798 40           <未记录>                    [泄漏]
0x000002076417bdf8 40           <未记录>                    [泄漏]
0x000002076417ba98 32           <未记录>                    [泄漏]
0x000002076417bc78 40           <未记录>                    [泄漏]
0x000002076417b3d8 40           <未记录>                    [泄漏]
0x000002076417b2b8 32           <未记录>                    [泄漏]
0x000002076417b378 40           <未记录>                    [泄漏]
0x000002076417baf8 40           <未记录>                    [泄漏]
0x00000207641746b8 32           <未记录>                    [泄漏]
0x0000020764174958 40           <未记录>                    [泄漏]
0x0000020764174778 40           <未记录>                    [泄漏]
0x00000207641744d8 32           <未记录>                    [泄漏]
0x00000207641747d8 40           <未记录>                    [泄漏]
0x00000207641743b8 40           <未记录>                    [泄漏]
0x00000207641745f8 32           <未记录>                    [泄漏]
0x0000020764174838 40           <未记录>                    [泄漏]
0x0000020764174358 40           <未记录>                    [泄漏]
----------------------------------------------------------------------------
总计: 120 个泄漏块, 4480 字节
==========================================

  FAIL [C:/Users/xingg/Desktop/知识体系化Wiki/Lv-00/test/c/test_lifecycle.c:409] memory leak: 120 tracked blocks (baseline=0)
====== Test Suite Complete ======

========================================
  Test Summary: 254 passed, 1 failed, 255 total
========================================
