[561/561] Linking C executable example_streaming.exe
