ninja: build stopped: subcommand failed.
